// Jest Snapshot v1, https://goo.gl/fbAQLP

exports[`Asynchronous Logging Async Logging Streamer Error Propagates 1`] = `
Object {
  "context": Object {
    "custom": Object {
      "a": 1,
      "b": 2,
    },
    "runtime": Object {
      "application": "testLogality",
    },
    "source": Object {
      "file_name": "/test/spec/async-log.test.js",
    },
    "system": Object {
      "hostname": "localhost",
      "pid": 36255,
      "process_name": "node .",
    },
  },
  "dt": "2018-05-18T16:25:57.815Z",
  "event": Object {},
  "level": "info",
  "message": "hello world",
  "severity": 6,
}
`;

exports[`Asynchronous Logging Async Logging with async writabble stream 1`] = `
Object {
  "context": Object {
    "custom": Object {
      "a": 1,
      "b": 2,
    },
    "runtime": Object {
      "application": "testLogality",
    },
    "source": Object {
      "file_name": "/test/spec/async-log.test.js",
    },
    "system": Object {
      "hostname": "localhost",
      "pid": 36255,
      "process_name": "node .",
    },
  },
  "dt": "2018-05-18T16:25:57.815Z",
  "event": Object {},
  "level": "info",
  "message": "hello world",
  "severity": 6,
}
`;
