// Jest Snapshot v1, https://goo.gl/fbAQLP

exports[`Asynchronous Logging Async Logging 1`] = `
Object {
  "context": Object {
    "custom": Object {
      "a": 1,
      "b": 2,
    },
    "runtime": Object {
      "application": "testLogality",
    },
    "source": Object {
      "file_name": "/test/spec/async-log.test.js",
    },
    "system": Object {
      "hostname": "localhost",
      "pid": 36255,
      "process_name": "node .",
    },
  },
  "dt": "2018-05-18T16:25:57.815Z",
  "event": Object {},
  "level": "info",
  "message": "hello world",
  "severity": 6,
}
`;

exports[`Asynchronous Logging Async Logging output Error Propagates 1`] = `
Object {
  "context": Object {
    "custom": Object {
      "a": 1,
      "b": 2,
    },
    "runtime": Object {
      "application": "testLogality",
    },
    "source": Object {
      "file_name": "/test/spec/async-log.test.js",
    },
    "system": Object {
      "hostname": "localhost",
      "pid": 36255,
      "process_name": "node .",
    },
  },
  "dt": "2018-05-18T16:25:57.815Z",
  "event": Object {},
  "level": "info",
  "message": "hello world",
  "severity": 6,
}
`;

exports[`Asynchronous Logging Test API helpers with Async Logging 1`] = `
"[37m[2018-05-18T16:25:57.815Z] [39m[32m★ debug[39m [4m[32m/test/spec/async-log.test.js[39m[24m - [32mThis is message of level: Debug[39m
"
`;

exports[`Asynchronous Logging Test prettyPrint all with Async Logging 1`] = `
"[32m★ debug[39m - [32mThis is message of level: Debug[39m
"
`;

exports[`Asynchronous Logging Test prettyPrint noFilename with Async Logging 1`] = `
"[37m[2018-05-18T16:25:57.815Z] [39m[32m★ debug[39m - [32mThis is message of level: Debug[39m
"
`;

exports[`Asynchronous Logging Test prettyPrint onlyMessage with Async Logging 1`] = `
"[37m[2018-05-18T16:25:57.815Z] [39m[32m★ debug[39m [4m[32m/test/spec/async-log.test.js[39m[24m - [32mThis is message of level: Debug[39m
"
`;

exports[`Asynchronous Logging Test prettyprint noTimestamp with Async Logging 1`] = `
"[32m★ debug[39m [4m[32m/test/spec/async-log.test.js[39m[24m - [32mThis is message of level: Debug[39m
"
`;
