// Jest Snapshot v1, https://goo.gl/fbAQLP

exports[`Normal Logging Will output to standard out 1`] = `
"{\\"level\\":\\"info\\",\\"severity\\":6,\\"dt\\":\\"2018-05-18T16:25:57.815Z\\",\\"message\\":\\"Good sleep now...\\",\\"context\\":{\\"runtime\\":{\\"application\\":\\"testLogality\\"},\\"source\\":{\\"file_name\\":\\"/test/spec/logging.test.js\\"},\\"system\\":{\\"hostname\\":\\"localhost\\",\\"pid\\":36255,\\"process_name\\":\\"node .\\"}},\\"event\\":{}}
"
`;
